219.133.60.165 - - [18/Apr/2011:19:31:54 +0800] "-" 400 0 "-" "-"
127.0.0.1 - - [18/Apr/2011:19:33:01 +0800] "-" 400 0 "-" "-"
219.133.60.165 - - [18/Apr/2011:19:33:10 +0800] "-" 400 0 "-" "-"
219.133.60.165 - - [18/Apr/2011:19:34:18 +0800] "-" 400 0 "-" "-"
219.133.60.165 - - [18/Apr/2011:19:35:30 +0800] "-" 400 0 "-" "-"
127.0.0.1 - - [18/Apr/2011:19:36:01 +0800] "-" 400 0 "-" "-"
219.133.60.165 - - [18/Apr/2011:19:36:42 +0800] "-" 400 0 "-" "-"
219.133.60.165 - - [18/Apr/2011:19:37:54 +0800] "-" 400 0 "-" "-"
219.133.62.73 - - [18/Apr/2011:19:38:14 +0800] "GET / HTTP/1.0" 502 383 "-" "Mozilla/4.0 (compatible; MSIE 8.0; Windows NT 5.1; Trident/4.0; InfoPath.2; 360SE)"
219.133.62.73 - - [18/Apr/2011:19:38:14 +0800] "GET /favicon.ico HTTP/1.0" 502 383 "-" "Mozilla/4.0 (compatible; MSIE 8.0; Windows NT 5.1; Trident/4.0; InfoPath.2; 360SE; 360SE)"
127.0.0.1 - - [18/Apr/2011:19:39:01 +0800] "-" 400 0 "-" "-"
219.133.60.165 - - [18/Apr/2011:19:39:13 +0800] "-" 400 0 "-" "-"
219.133.62.73 - - [18/Apr/2011:19:40:17 +0800] "GET / HTTP/1.1" 502 383 "-" "Mozilla/4.0 (compatible; MSIE 7.0; Windows NT 5.1; Trident/4.0; InfoPath.2)"
219.133.60.165 - - [18/Apr/2011:19:40:25 +0800] "-" 400 0 "-" "-"
219.133.62.73 - - [18/Apr/2011:19:41:08 +0800] "GET / HTTP/1.1" 502 383 "-" "Mozilla/4.0 (compatible; MSIE 8.0; Windows NT 5.1; Trident/4.0; InfoPath.2)"
219.133.60.165 - - [18/Apr/2011:19:41:41 +0800] "-" 400 0 "-" "-"
127.0.0.1 - - [18/Apr/2011:19:42:01 +0800] "-" 400 0 "-" "-"
219.133.62.73 - - [18/Apr/2011:19:42:21 +0800] "GET / HTTP/1.1" 502 383 "-" "Mozilla/4.0 (compatible; MSIE 7.0; Windows NT 5.1; Trident/4.0; InfoPath.2)"
219.133.60.165 - - [18/Apr/2011:19:42:50 +0800] "-" 400 0 "-" "-"
219.133.60.165 - - [18/Apr/2011:19:45:13 +0800] "-" 400 0 "-" "-"
219.133.60.165 - - [18/Apr/2011:19:46:28 +0800] "-" 400 0 "-" "-"
219.133.60.165 - - [18/Apr/2011:19:47:37 +0800] "-" 400 0 "-" "-"
127.0.0.1 - - [18/Apr/2011:19:48:01 +0800] "-" 400 0 "-" "-"
219.133.60.165 - - [18/Apr/2011:19:48:48 +0800] "-" 400 0 "-" "-"
222.73.77.242 - - [13/Jul/2012:15:30:24 +0800] "GET / HTTP/1.1" 200 282 "-" "libwww-perl/6.04"
180.168.197.98 - - [13/Jul/2012:15:39:07 +0800] "GET /admin_hsw/gmmanager.swf HTTP/1.1" 200 602587 "http://s2.app100638969.qqopenapp.com/admin_hsw/gmmanager.html" "Mozilla/5.0 (compatible; MSIE 9.0; Windows NT 6.1; WOW64; Trident/5.0)"
180.168.197.98 - - [13/Jul/2012:15:39:08 +0800] "GET /admin_hsw/assets/serverList.xml HTTP/1.1" 200 252 "http://s2.app100638969.qqopenapp.com/admin_hsw/gmmanager.swf" "Mozilla/5.0 (compatible; MSIE 9.0; Windows NT 6.1; WOW64; Trident/5.0)"
180.168.126.117 - - [13/Jul/2012:16:01:50 +0800] "GET /?seqid=149&serverid=2&platform=pengyou&s=0.7410005133133382&openid=99A9B496996314E13D17658E99AF5E2F&openkey=1A7FB9C3A710B28704227E272F78E697&pf=pengyou&pfkey=17261ca79dc615c3432d9abc49a7a89d HTTP/1.1" 200 282 "http://qzs.pengyou.com/open/fusion/app_redirect.htm" "Mozilla/5.0 (Windows NT 5.1) AppleWebKit/535.11 (KHTML, like Gecko) Chrome/17.0.963.26 Safari/535.11"
180.168.126.117 - - [13/Jul/2012:16:06:09 +0800] "GET /?seqid=150&serverid=2&platform=pengyou&s=0.6776353972154586&appid=100638969&sFrom=pengyou&openid=99A9B496996314E13D17658E99AF5E2F&openkey=1A7FB9C3A710B28704227E272F78E697&pf=pengyou&pfkey=17261ca79dc615c3432d9abc49a7a89d HTTP/1.1" 200 282 "http://qzs.pengyou.com/open/fusion/app_redirect.htm" "Mozilla/4.0 (compatible; MSIE 8.0; Windows NT 5.1; Trident/4.0; .NET CLR 1.1.4322; .NET CLR 2.0.50727; .NET CLR 3.0.04506.30; CIBA; .NET CLR 3.0.4506.2152; .NET CLR 3.5.21022; .NET CLR 3.5.30729; .NET4.0C; .NET4.0E)"
180.168.126.117 - - [13/Jul/2012:16:06:37 +0800] "GET /?seqid=150&serverid=2&platform=pengyou&s=0.6776353972154586&appid=100638969&sFrom=pengyou&openid=99A9B496996314E13D17658E99AF5E2F&openkey=1A7FB9C3A710B28704227E272F78E697&pf=pengyou&pfkey=17261ca79dc615c3432d9abc49a7a89d HTTP/1.1" 200 282 "-" "Mozilla/5.0 (Windows NT 5.1) AppleWebKit/535.11 (KHTML, like Gecko) Chrome/17.0.963.26 Safari/535.11"
180.168.126.117 - - [13/Jul/2012:16:06:38 +0800] "GET /favicon.ico HTTP/1.1" 404 571 "-" "Mozilla/5.0 (Windows NT 5.1) AppleWebKit/535.11 (KHTML, like Gecko) Chrome/17.0.963.26 Safari/535.11"
180.168.126.117 - - [13/Jul/2012:16:11:53 +0800] "GET /?seqid=151&serverid=2&platform=pengyou&s=0.09048324213299025&openid=99A9B496996314E13D17658E99AF5E2F&openkey=1A7FB9C3A710B28704227E272F78E697&pf=pengyou&pfkey=17261ca79dc615c3432d9abc49a7a89d HTTP/1.1" 200 282 "http://qzs.pengyou.com/open/fusion/app_redirect.htm" "Mozilla/4.0 (compatible; MSIE 8.0; Windows NT 5.1; Trident/4.0; .NET CLR 1.1.4322; .NET CLR 2.0.50727; .NET CLR 3.0.04506.30; CIBA; .NET CLR 3.0.4506.2152; .NET CLR 3.5.21022; .NET CLR 3.5.30729; .NET4.0C; .NET4.0E)"
180.168.126.117 - - [13/Jul/2012:16:14:27 +0800] "GET /?seqid=152&serverid=2&platform=pengyou&s=0.07450286995957728&openid=99A9B496996314E13D17658E99AF5E2F&openkey=1A7FB9C3A710B28704227E272F78E697&pf=pengyou&pfkey=17261ca79dc615c3432d9abc49a7a89d HTTP/1.1" 200 282 "http://qzs.pengyou.com/open/fusion/app_redirect.htm" "Mozilla/4.0 (compatible; MSIE 8.0; Windows NT 5.1; Trident/4.0; .NET CLR 1.1.4322; .NET CLR 2.0.50727; .NET CLR 3.0.04506.30; CIBA; .NET CLR 3.0.4506.2152; .NET CLR 3.5.21022; .NET CLR 3.5.30729; .NET4.0C; .NET4.0E)"
180.168.126.117 - - [13/Jul/2012:19:48:13 +0800] "GET /?seqid=153&serverid=2&platform=pengyou&s=0.9221611920109867&openid=99A9B496996314E13D17658E99AF5E2F&openkey=5F6EA09747AAE3EEBFBF08B32398D363&pf=pengyou&pfkey=da4d505dc77d5d3b744fc04afb84537a HTTP/1.1" 200 282 "http://qzs.pengyou.com/open/fusion/app_redirect.htm" "Mozilla/4.0 (compatible; MSIE 8.0; Windows NT 5.1; Trident/4.0; .NET CLR 1.1.4322; .NET CLR 2.0.50727; .NET CLR 3.0.04506.30; CIBA; .NET CLR 3.0.4506.2152; .NET CLR 3.5.21022; .NET CLR 3.5.30729; .NET4.0C; .NET4.0E)"
180.168.126.117 - - [13/Jul/2012:19:49:15 +0800] "GET /?seqid=154&serverid=2&platform=pengyou&s=0.9459019030060833&openid=99A9B496996314E13D17658E99AF5E2F&openkey=5F6EA09747AAE3EEBFBF08B32398D363&pf=pengyou&pfkey=da4d505dc77d5d3b744fc04afb84537a HTTP/1.1" 200 282 "http://qzs.pengyou.com/open/fusion/app_redirect.htm" "Mozilla/4.0 (compatible; MSIE 8.0; Windows NT 5.1; Trident/4.0; .NET CLR 1.1.4322; .NET CLR 2.0.50727; .NET CLR 3.0.04506.30; CIBA; .NET CLR 3.0.4506.2152; .NET CLR 3.5.21022; .NET CLR 3.5.30729; .NET4.0C; .NET4.0E)"
180.168.126.117 - - [13/Jul/2012:19:49:53 +0800] "GET /?seqid=155&serverid=2&platform=pengyou&s=0.6895520186517388&openid=99A9B496996314E13D17658E99AF5E2F&openkey=5F6EA09747AAE3EEBFBF08B32398D363&pf=pengyou&pfkey=da4d505dc77d5d3b744fc04afb84537a HTTP/1.1" 200 282 "http://qzs.pengyou.com/open/fusion/app_redirect.htm" "Mozilla/5.0 (Windows NT 5.1) AppleWebKit/535.11 (KHTML, like Gecko) Chrome/17.0.963.26 Safari/535.11"
180.168.126.117 - - [13/Jul/2012:19:55:22 +0800] "GET /?seqid=156&serverid=2&platform=pengyou&s=0.17768858328058723&openid=99A9B496996314E13D17658E99AF5E2F&openkey=5F6EA09747AAE3EEBFBF08B32398D363&pf=pengyou&pfkey=da4d505dc77d5d3b744fc04afb84537a HTTP/1.1" 200 282 "http://qzs.pengyou.com/open/fusion/app_redirect.htm" "Mozilla/4.0 (compatible; MSIE 8.0; Windows NT 5.1; Trident/4.0; .NET CLR 1.1.4322; .NET CLR 2.0.50727; .NET CLR 3.0.04506.30; CIBA; .NET CLR 3.0.4506.2152; .NET CLR 3.5.21022; .NET CLR 3.5.30729; .NET4.0C; .NET4.0E)"
210.13.74.222 - - [13/Jul/2012:19:59:17 +0800] "GET /?seqid=157&serverid=2&platform=pengyou&s=0.1438784773927182&openid=3723DA720AE8C7B1206D40C491C27017&openkey=304B945A6A68905969B1DAAC85E33D2C&pf=pengyou&pfkey=85daa8edc3b9208ca83d1f64e6606be9 HTTP/1.1" 200 282 "http://qzs.pengyou.com/open/fusion/app_redirect.htm" "Mozilla/5.0 (Windows NT 5.1) AppleWebKit/536.5 (KHTML, like Gecko) Chrome/19.0.1084.9 Safari/536.5"
180.168.126.179 - - [13/Jul/2012:20:00:19 +0800] "GET /?seqid=158&serverid=2&platform=pengyou&s=0.9085754401484152&openid=3723DA720AE8C7B1206D40C491C27017&openkey=304B945A6A68905969B1DAAC85E33D2C&pf=pengyou&pfkey=85daa8edc3b9208ca83d1f64e6606be9 HTTP/1.1" 200 282 "http://qzs.pengyou.com/open/fusion/app_redirect.htm" "Mozilla/4.0 (compatible; MSIE 8.0; Windows NT 5.1; Trident/4.0; QQDownload 708; .NET CLR 1.1.4322; .NET CLR 2.0.50727; .NET CLR 3.0.4506.2152; .NET CLR 3.5.30729; .NET4.0C; .NET4.0E)"
180.168.126.117 - - [13/Jul/2012:20:19:22 +0800] "GET /?seqid=159&serverid=2&platform=pengyou&s=0.8751084699761122&openid=99A9B496996314E13D17658E99AF5E2F&openkey=5F6EA09747AAE3EEBFBF08B32398D363&pf=pengyou&pfkey=da4d505dc77d5d3b744fc04afb84537a HTTP/1.1" 200 282 "http://qzs.pengyou.com/open/fusion/app_redirect.htm" "Mozilla/5.0 (Windows NT 5.1) AppleWebKit/535.11 (KHTML, like Gecko) Chrome/17.0.963.26 Safari/535.11"
210.13.74.222 - - [13/Jul/2012:20:28:54 +0800] "GET /?seqid=160&serverid=2&platform=qzone&s=0.25549947819672525&openid=052825A748A4B96D855E1686B87D9813&openkey=58476A144611B9DD2892D6D87995236C&pf=qzone&pfkey=cbc7674a1899c3db0391d068df279078 HTTP/1.1" 200 282 "http://qzs.qq.com/open/fusion/app_redirect.htm" "Mozilla/5.0 (Windows NT 5.1) AppleWebKit/535.19 (KHTML, like Gecko) Chrome/18.0.1025.168 Safari/535.19 QIHU 360EE"
180.168.197.98 - - [13/Jul/2012:20:30:28 +0800] "GET /?seqid=161&serverid=2&platform=qzone&s=0.8264411373529583&openid=052825A748A4B96D855E1686B87D9813&openkey=58476A144611B9DD2892D6D87995236C&pf=qzone&pfkey=cbc7674a1899c3db0391d068df279078 HTTP/1.1" 200 282 "http://qzs.qq.com/open/fusion/app_redirect.htm" "Mozilla/5.0 (Windows NT 5.1) AppleWebKit/535.19 (KHTML, like Gecko) Chrome/18.0.1025.168 Safari/535.19 QIHU 360EE"
180.168.197.98 - - [13/Jul/2012:20:35:35 +0800] "GET /?seqid=162&serverid=2&platform=qzone&s=0.10671976231969893&openid=052825A748A4B96D855E1686B87D9813&openkey=58476A144611B9DD2892D6D87995236C&pf=qzone&pfkey=cbc7674a1899c3db0391d068df279078 HTTP/1.1" 200 282 "http://qzs.qq.com/open/fusion/app_redirect.htm" "Mozilla/5.0 (Windows NT 5.1) AppleWebKit/535.19 (KHTML, like Gecko) Chrome/18.0.1025.168 Safari/535.19 QIHU 360EE"
180.168.126.179 - - [13/Jul/2012:20:38:29 +0800] "GET /?seqid=163&serverid=2&platform=qzone&s=0.7838280792348087&openid=052825A748A4B96D855E1686B87D9813&openkey=58476A144611B9DD2892D6D87995236C&pf=qzone&pfkey=cbc7674a1899c3db0391d068df279078 HTTP/1.1" 200 282 "http://qzs.qq.com/open/fusion/app_redirect.htm" "Mozilla/5.0 (Windows NT 5.1) AppleWebKit/535.19 (KHTML, like Gecko) Chrome/18.0.1025.168 Safari/535.19 QIHU 360EE"
180.168.126.117 - - [13/Jul/2012:20:39:07 +0800] "GET /?seqid=164&serverid=2&platform=pengyou&s=0.21621508384123445&openid=99A9B496996314E13D17658E99AF5E2F&openkey=5F6EA09747AAE3EEBFBF08B32398D363&pf=pengyou&pfkey=da4d505dc77d5d3b744fc04afb84537a HTTP/1.1" 200 282 "http://qzs.pengyou.com/open/fusion/app_redirect.htm" "Mozilla/5.0 (Windows NT 5.1) AppleWebKit/535.11 (KHTML, like Gecko) Chrome/17.0.963.26 Safari/535.11"
180.168.197.82 - - [13/Jul/2012:20:39:31 +0800] "GET /?seqid=165&serverid=2&platform=qzone&s=0.43078660080209374&openid=052825A748A4B96D855E1686B87D9813&openkey=58476A144611B9DD2892D6D87995236C&pf=qzone&pfkey=cbc7674a1899c3db0391d068df279078 HTTP/1.1" 200 282 "http://qzs.qq.com/open/fusion/app_redirect.htm" "Mozilla/5.0 (Windows NT 5.1) AppleWebKit/535.19 (KHTML, like Gecko) Chrome/18.0.1025.168 Safari/535.19 QIHU 360EE"
210.13.74.222 - - [13/Jul/2012:20:39:50 +0800] "GET /?seqid=166&serverid=2&platform=qzone&s=0.9239814484026283&openid=052825A748A4B96D855E1686B87D9813&openkey=58476A144611B9DD2892D6D87995236C&pf=qzone&pfkey=cbc7674a1899c3db0391d068df279078 HTTP/1.1" 200 282 "http://qzs.qq.com/open/fusion/app_redirect.htm" "Mozilla/5.0 (Windows NT 5.1) AppleWebKit/535.19 (KHTML, like Gecko) Chrome/18.0.1025.168 Safari/535.19 QIHU 360EE"
180.168.126.117 - - [13/Jul/2012:20:40:34 +0800] "GET /?seqid=167&serverid=2&platform=pengyou&s=0.3260207816492766&openid=99A9B496996314E13D17658E99AF5E2F&openkey=5F6EA09747AAE3EEBFBF08B32398D363&pf=pengyou&pfkey=da4d505dc77d5d3b744fc04afb84537a HTTP/1.1" 200 282 "http://qzs.pengyou.com/open/fusion/app_redirect.htm" "Mozilla/5.0 (Windows NT 5.1) AppleWebKit/535.11 (KHTML, like Gecko) Chrome/17.0.963.26 Safari/535.11"
180.168.126.243 - - [13/Jul/2012:20:40:36 +0800] "GET /?seqid=168&serverid=2&platform=qzone&s=0.05133051075972617&openid=052825A748A4B96D855E1686B87D9813&openkey=58476A144611B9DD2892D6D87995236C&pf=qzone&pfkey=cbc7674a1899c3db0391d068df279078 HTTP/1.1" 200 282 "http://qzs.qq.com/open/fusion/app_redirect.htm" "Mozilla/5.0 (Windows NT 5.1) AppleWebKit/535.19 (KHTML, like Gecko) Chrome/18.0.1025.168 Safari/535.19 QIHU 360EE"
180.168.170.3 - - [13/Jul/2012:20:42:20 +0800] "GET /?seqid=169&serverid=2&platform=qzone&s=0.9319462596904486&openid=052825A748A4B96D855E1686B87D9813&openkey=58476A144611B9DD2892D6D87995236C&pf=qzone&pfkey=cbc7674a1899c3db0391d068df279078 HTTP/1.1" 200 282 "http://qzs.qq.com/open/fusion/app_redirect.htm" "Mozilla/5.0 (Windows NT 5.1) AppleWebKit/535.19 (KHTML, like Gecko) Chrome/18.0.1025.168 Safari/535.19 QIHU 360EE"
180.168.197.98 - - [13/Jul/2012:20:44:38 +0800] "GET /?seqid=170&serverid=2&platform=qzone&s=0.14504076610319316&openid=052825A748A4B96D855E1686B87D9813&openkey=58476A144611B9DD2892D6D87995236C&pf=qzone&pfkey=cbc7674a1899c3db0391d068df279078 HTTP/1.1" 200 282 "http://qzs.qq.com/open/fusion/app_redirect.htm" "Mozilla/5.0 (Windows NT 5.1) AppleWebKit/535.19 (KHTML, like Gecko) Chrome/18.0.1025.168 Safari/535.19 QIHU 360EE"
180.168.126.117 - - [13/Jul/2012:20:45:21 +0800] "GET /?seqid=171&serverid=2&platform=pengyou&s=0.04968365514650941&openid=99A9B496996314E13D17658E99AF5E2F&openkey=5F6EA09747AAE3EEBFBF08B32398D363&pf=pengyou&pfkey=da4d505dc77d5d3b744fc04afb84537a HTTP/1.1" 200 282 "http://qzs.pengyou.com/open/fusion/app_redirect.htm" "Mozilla/5.0 (Windows NT 5.1) AppleWebKit/535.11 (KHTML, like Gecko) Chrome/17.0.963.26 Safari/535.11"
180.168.126.117 - - [13/Jul/2012:20:47:50 +0800] "GET /?seqid=172&serverid=2&platform=pengyou&s=0.0980451658833772&openid=99A9B496996314E13D17658E99AF5E2F&openkey=5F6EA09747AAE3EEBFBF08B32398D363&pf=pengyou&pfkey=da4d505dc77d5d3b744fc04afb84537a HTTP/1.1" 200 282 "http://qzs.pengyou.com/open/fusion/app_redirect.htm" "Mozilla/5.0 (Windows NT 5.1) AppleWebKit/535.11 (KHTML, like Gecko) Chrome/17.0.963.26 Safari/535.11"
180.168.197.82 - - [13/Jul/2012:20:49:57 +0800] "GET /?seqid=173&serverid=2&platform=qzone&s=0.873081264637703&openid=052825A748A4B96D855E1686B87D9813&openkey=58476A144611B9DD2892D6D87995236C&pf=qzone&pfkey=cbc7674a1899c3db0391d068df279078 HTTP/1.1" 200 282 "http://qzs.qq.com/open/fusion/app_redirect.htm" "Mozilla/4.0 (compatible; MSIE 8.0; Windows NT 5.1; Trident/4.0; QQDownload 708; Mozilla/4.0 (compatible; MSIE 6.0; Windows NT 5.1; SV1) ; .NET CLR 1.1.4322; .NET CLR 2.0.50727; .NET CLR 3.0.04506.30; .NET CLR 3.0.04506.648; CIBA; .NET CLR 3.5.21022; .NET CLR 3.0.4506.2152; .NET CLR 3.5.30729; .NET4.0C; .NET4.0E;  QIHU 360EE)"
180.168.197.98 - - [13/Jul/2012:20:58:57 +0800] "GET /?seqid=174&serverid=2&platform=qzone&s=0.8298498126678169&openid=052825A748A4B96D855E1686B87D9813&openkey=58476A144611B9DD2892D6D87995236C&pf=qzone&pfkey=cbc7674a1899c3db0391d068df279078 HTTP/1.1" 200 282 "http://qzs.qq.com/open/fusion/app_redirect.htm" "Mozilla/5.0 (Windows NT 5.1) AppleWebKit/535.19 (KHTML, like Gecko) Chrome/18.0.1025.168 Safari/535.19 QIHU 360EE"
180.168.126.117 - - [13/Jul/2012:21:00:56 +0800] "GET /?seqid=175&serverid=2&platform=pengyou&s=0.8071588543243706&openid=99A9B496996314E13D17658E99AF5E2F&openkey=5F6EA09747AAE3EEBFBF08B32398D363&pf=pengyou&pfkey=da4d505dc77d5d3b744fc04afb84537a HTTP/1.1" 200 282 "http://qzs.pengyou.com/open/fusion/app_redirect.htm" "Mozilla/5.0 (Windows NT 5.1) AppleWebKit/535.11 (KHTML, like Gecko) Chrome/17.0.963.26 Safari/535.11"
180.168.126.117 - - [13/Jul/2012:21:03:16 +0800] "GET /?seqid=176&serverid=2&platform=pengyou&s=0.7604789414908737&openid=99A9B496996314E13D17658E99AF5E2F&openkey=5F6EA09747AAE3EEBFBF08B32398D363&pf=pengyou&pfkey=da4d505dc77d5d3b744fc04afb84537a HTTP/1.1" 200 282 "http://qzs.pengyou.com/open/fusion/app_redirect.htm" "Mozilla/5.0 (Windows NT 5.1) AppleWebKit/535.11 (KHTML, like Gecko) Chrome/17.0.963.26 Safari/535.11"
180.168.126.179 - - [13/Jul/2012:21:04:50 +0800] "GET /?seqid=177&serverid=2&platform=qzone&s=0.37714316532947123&openid=052825A748A4B96D855E1686B87D9813&openkey=58476A144611B9DD2892D6D87995236C&pf=qzone&pfkey=cbc7674a1899c3db0391d068df279078 HTTP/1.1" 200 282 "http://qzs.qq.com/open/fusion/app_redirect.htm" "Mozilla/5.0 (Windows NT 5.1) AppleWebKit/535.19 (KHTML, like Gecko) Chrome/18.0.1025.168 Safari/535.19 QIHU 360EE"
180.168.126.117 - - [13/Jul/2012:21:05:04 +0800] "GET /?seqid=178&serverid=2&platform=pengyou&s=0.9480440034531057&openid=99A9B496996314E13D17658E99AF5E2F&openkey=5F6EA09747AAE3EEBFBF08B32398D363&pf=pengyou&pfkey=da4d505dc77d5d3b744fc04afb84537a HTTP/1.1" 200 282 "http://qzs.pengyou.com/open/fusion/app_redirect.htm" "Mozilla/5.0 (Windows NT 5.1) AppleWebKit/535.11 (KHTML, like Gecko) Chrome/17.0.963.26 Safari/535.11"
180.168.126.117 - - [13/Jul/2012:21:06:07 +0800] "GET /?seqid=179&serverid=2&platform=pengyou&s=0.2400894435122609&openid=99A9B496996314E13D17658E99AF5E2F&openkey=5F6EA09747AAE3EEBFBF08B32398D363&pf=pengyou&pfkey=da4d505dc77d5d3b744fc04afb84537a HTTP/1.1" 200 282 "http://qzs.pengyou.com/open/fusion/app_redirect.htm" "Mozilla/5.0 (Windows NT 5.1) AppleWebKit/535.11 (KHTML, like Gecko) Chrome/17.0.963.26 Safari/535.11"
180.168.126.117 - - [13/Jul/2012:21:06:21 +0800] "GET /?seqid=180&serverid=2&platform=pengyou&s=0.709910548760878&openid=99A9B496996314E13D17658E99AF5E2F&openkey=5F6EA09747AAE3EEBFBF08B32398D363&pf=pengyou&pfkey=da4d505dc77d5d3b744fc04afb84537a HTTP/1.1" 200 282 "http://qzs.pengyou.com/open/fusion/app_redirect.htm" "Mozilla/4.0 (compatible; MSIE 8.0; Windows NT 5.1; Trident/4.0; .NET CLR 1.1.4322; .NET CLR 2.0.50727; .NET CLR 3.0.04506.30; CIBA; .NET CLR 3.0.4506.2152; .NET CLR 3.5.21022; .NET CLR 3.5.30729; .NET4.0C; .NET4.0E)"
180.168.126.179 - - [13/Jul/2012:21:06:51 +0800] "GET /?seqid=181&serverid=2&platform=qzone&s=0.545750365126878&openid=052825A748A4B96D855E1686B87D9813&openkey=58476A144611B9DD2892D6D87995236C&pf=qzone&pfkey=cbc7674a1899c3db0391d068df279078 HTTP/1.1" 200 282 "http://qzs.qq.com/open/fusion/app_redirect.htm" "Mozilla/5.0 (Windows NT 5.1) AppleWebKit/535.7 (KHTML, like Gecko) Chrome/16.0.912.75 Safari/535.7"
180.168.126.117 - - [13/Jul/2012:21:07:57 +0800] "GET /?seqid=182&serverid=2&platform=pengyou&s=0.7474634279899959&openid=99A9B496996314E13D17658E99AF5E2F&openkey=5F6EA09747AAE3EEBFBF08B32398D363&pf=pengyou&pfkey=da4d505dc77d5d3b744fc04afb84537a HTTP/1.1" 200 282 "http://qzs.pengyou.com/open/fusion/app_redirect.htm" "Mozilla/4.0 (compatible; MSIE 8.0; Windows NT 5.1; Trident/4.0; .NET CLR 1.1.4322; .NET CLR 2.0.50727; .NET CLR 3.0.04506.30; CIBA; .NET CLR 3.0.4506.2152; .NET CLR 3.5.21022; .NET CLR 3.5.30729; .NET4.0C; .NET4.0E)"
210.13.74.222 - - [13/Jul/2012:21:12:57 +0800] "GET /?seqid=183&serverid=2&platform=pengyou&s=0.43805303797125816&appid=100638969&sFrom=pengyou&openid=59A9563270A791192A3726FAE66FE0CD&openkey=3BB06643B1E6D1B49CD44D173A4E9354&pf=pengyou&pfkey=23ee681fef9a1b4640ff23dd744fa5ba HTTP/1.1" 200 282 "http://qzs.pengyou.com/open/fusion/app_redirect.htm" "Mozilla/5.0 (Windows NT 6.1) AppleWebKit/535.11 (KHTML, like Gecko) Chrome/17.0.963.56 Safari/535.11"
210.13.74.222 - - [13/Jul/2012:21:13:19 +0800] "GET /?seqid=184&serverid=2&platform=pengyou&s=0.8997092740610242&appid=100638969&sFrom=pengyou&openid=59A9563270A791192A3726FAE66FE0CD&openkey=3BB06643B1E6D1B49CD44D173A4E9354&pf=pengyou&pfkey=23ee681fef9a1b4640ff23dd744fa5ba HTTP/1.1" 200 282 "http://qzs.pengyou.com/open/fusion/app_redirect.htm" "Mozilla/5.0 (Windows NT 6.1) AppleWebKit/535.11 (KHTML, like Gecko) Chrome/17.0.963.56 Safari/535.11"
210.13.74.222 - - [13/Jul/2012:21:17:30 +0800] "GET /?seqid=185&serverid=2&platform=pengyou&s=0.3463468671206149&openid=3723DA720AE8C7B1206D40C491C27017&openkey=304B945A6A68905969B1DAAC85E33D2C&pf=pengyou&pfkey=85daa8edc3b9208ca83d1f64e6606be9 HTTP/1.1" 200 282 "http://qzs.pengyou.com/open/fusion/app_redirect.htm" "Mozilla/4.0 (compatible; MSIE 8.0; Windows NT 5.1; Trident/4.0; QQDownload 708; .NET CLR 1.1.4322; .NET CLR 2.0.50727; .NET CLR 3.0.4506.2152; .NET CLR 3.5.30729; .NET4.0C; .NET4.0E)"
210.13.74.222 - - [13/Jul/2012:21:21:57 +0800] "GET /?seqid=186&serverid=2&platform=pengyou&s=0.1965198691468686&appid=100638969&sFrom=pengyou&openid=59A9563270A791192A3726FAE66FE0CD&openkey=3BB06643B1E6D1B49CD44D173A4E9354&pf=pengyou&pfkey=23ee681fef9a1b4640ff23dd744fa5ba HTTP/1.1" 200 282 "http://qzs.pengyou.com/open/fusion/app_redirect.htm" "Mozilla/5.0 (Windows NT 6.1) AppleWebKit/535.11 (KHTML, like Gecko) Chrome/17.0.963.56 Safari/535.11"
180.168.197.98 - - [13/Jul/2012:21:28:53 +0800] "GET /?seqid=187&serverid=2&platform=pengyou&s=0.9333996724280296&openid=3723DA720AE8C7B1206D40C491C27017&openkey=304B945A6A68905969B1DAAC85E33D2C&pf=pengyou&pfkey=85daa8edc3b9208ca83d1f64e6606be9 HTTP/1.1" 200 282 "http://qzs.pengyou.com/open/fusion/app_redirect.htm" "Mozilla/4.0 (compatible; MSIE 8.0; Windows NT 5.1; Trident/4.0; QQDownload 708; .NET CLR 1.1.4322; .NET CLR 2.0.50727; .NET CLR 3.0.4506.2152; .NET CLR 3.5.30729; .NET4.0C; .NET4.0E)"
180.168.197.98 - - [13/Jul/2012:22:36:51 +0800] "GET /?seqid=188&serverid=2&platform=pengyou&s=0.8220001577060052&openid=3723DA720AE8C7B1206D40C491C27017&openkey=304B945A6A68905969B1DAAC85E33D2C&pf=pengyou&pfkey=85daa8edc3b9208ca83d1f64e6606be9 HTTP/1.1" 200 282 "http://qzs.pengyou.com/open/fusion/app_redirect.htm" "Mozilla/4.0 (compatible; MSIE 8.0; Windows NT 5.1; Trident/4.0; QQDownload 708; .NET CLR 1.1.4322; .NET CLR 2.0.50727; .NET CLR 3.0.4506.2152; .NET CLR 3.5.30729; .NET4.0C; .NET4.0E)"
180.168.126.243 - - [13/Jul/2012:22:56:29 +0800] "GET /?seqid=189&serverid=2&platform=pengyou&s=0.534821623364097&openid=3723DA720AE8C7B1206D40C491C27017&openkey=304B945A6A68905969B1DAAC85E33D2C&pf=pengyou&pfkey=85daa8edc3b9208ca83d1f64e6606be9 HTTP/1.1" 200 282 "http://qzs.pengyou.com/open/fusion/app_redirect.htm" "Mozilla/4.0 (compatible; MSIE 8.0; Windows NT 5.1; Trident/4.0; QQDownload 708; .NET CLR 1.1.4322; .NET CLR 2.0.50727; .NET CLR 3.0.4506.2152; .NET CLR 3.5.30729; .NET4.0C; .NET4.0E)"
180.168.126.117 - - [14/Jul/2012:12:37:11 +0800] "GET /?seqid=190&serverid=2&platform=pengyou&s=0.9139379846438145&openid=99A9B496996314E13D17658E99AF5E2F&openkey=D6EFA80945719BE305D2414FBB4C84CA&pf=pengyou&pfkey=4df6aef0376fd8b0d707964426cee518 HTTP/1.1" 200 282 "http://qzs.pengyou.com/open/fusion/app_redirect.htm" "Mozilla/4.0 (compatible; MSIE 8.0; Windows NT 5.1; Trident/4.0; .NET CLR 1.1.4322; .NET CLR 2.0.50727; .NET CLR 3.0.04506.30; CIBA; .NET CLR 3.0.4506.2152; .NET CLR 3.5.21022; .NET CLR 3.5.30729; .NET4.0C; .NET4.0E)"
222.73.77.242 - - [14/Jul/2012:15:04:22 +0800] "GET / HTTP/1.1" 200 282 "-" "libwww-perl/6.04"
210.13.74.222 - - [14/Jul/2012:15:52:19 +0800] "GET /?seqid=191&openid=2F7EE59D8D4AF265178833E84D04FC48&openkey=17B25DC86927FBA3A85A37898B661692&platform=pengyou&pf=pengyou&serverid=2&pfkey=67e2f0fbe89294d56013eb31d94ddeb8&s=0.3212976894041268& HTTP/1.1" 200 282 "http://qzs.qq.com/open/fusion/app_redirect.htm" "Mozilla/4.0 (compatible; MSIE 7.0; Windows NT 6.1; Trident/5.0; SLCC2; .NET CLR 2.0.50727; .NET CLR 3.5.30729; .NET CLR 3.0.30729; Media Center PC 6.0; .NET4.0C; InfoPath.3; .NET4.0E; BOIE9;ZHCN; 360SE)"
180.168.126.117 - - [14/Jul/2012:16:05:40 +0800] "GET /?seqid=192&serverid=2&platform=pengyou&s=0.5944680729880929&openid=99A9B496996314E13D17658E99AF5E2F&openkey=CD21C7AF3AF618698D44D9C8B1E1C467&pf=pengyou&pfkey=b25579abb48c240e54d91fd28973d177 HTTP/1.1" 200 282 "http://qzs.pengyou.com/open/fusion/app_redirect.htm" "Mozilla/5.0 (Windows NT 5.1) AppleWebKit/535.11 (KHTML, like Gecko) Chrome/17.0.963.26 Safari/535.11"
180.168.126.117 - - [14/Jul/2012:16:46:29 +0800] "GET /?seqid=193&serverid=2&platform=pengyou&s=0.835175956832245&openid=99A9B496996314E13D17658E99AF5E2F&openkey=CD21C7AF3AF618698D44D9C8B1E1C467&pf=pengyou&pfkey=b25579abb48c240e54d91fd28973d177 HTTP/1.1" 200 282 "http://qzs.pengyou.com/open/fusion/app_redirect.htm" "Mozilla/5.0 (Windows NT 5.1) AppleWebKit/535.11 (KHTML, like Gecko) Chrome/17.0.963.26 Safari/535.11"
